Microchip MPLAB XC8 Compiler V1.21 ()

Linker command line:

-W-1 --edf=C:\Program Files (x86)\Microchip\xc8\v1.21\dat\en_msgs.txt -cs \
  -h+dist/default/production\RIMS_4_BYTE_RECIEVER.X.production.sym \
  --cmf=dist/default/production\RIMS_4_BYTE_RECIEVER.X.production.cmf -z \
  -Q16F877 -oC:\Users\Farhan\AppData\Local\Temp\s554.6 \
  -Mdist/default/production/RIMS_4_BYTE_RECIEVER.X.production.map -E1 \
  -ver=XC8 -ACONST=00h-0FFhx32 -ACODE=00h-07FFhx4 -ASTRCODE=00h-01FFFh \
  -AENTRY=00h-0FFhx32 -ASTRING=00h-0FFhx32 -ACOMMON=070h-07Fh \
  -ABANK0=020h-06Fh -ABANK1=0A0h-0EFh -ABANK2=0110h-016Fh \
  -ABANK3=0190h-01EFh -ARAM=020h-06Fh,0A0h-0EFh,0110h-016Fh,0190h-01EFh \
  -AABS1=020h-07Fh,0A0h-0EFh,0110h-016Fh,0190h-01EFh -ASFR0=00h-01Fh \
  -ASFR1=080h-09Fh -ASFR2=0100h-010Fh -ASFR3=0180h-018Fh \
  -preset_vec=00h,intentry=04h,init,end_init -ppowerup=CODE -pcinit=CODE \
  -pfunctab=CODE -ACONFIG=02007h-02007h -pconfig=CONFIG -DCONFIG=2 \
  -AIDLOC=02000h-02003h -pidloc=IDLOC -DIDLOC=2 -AEEDATA=00h-0FFh/02100h \
  -peeprom_data=EEDATA -DEEDATA=2 -DCODE=2 -DSTRCODE=2 -DSTRING=2 -DCONST=2 \
  -DENTRY=2 -k C:\Users\Farhan\AppData\Local\Temp\s554.obj \
  dist/default/production\RIMS_4_BYTE_RECIEVER.X.production.obj 

Object code version is 3.11

Machine type is 16F877



                Name                               Link     Load   Length Selector   Space Scale
C:\Users\Farhan\AppData\Local\Temp\s554.obj
                end_init                             12       12        3        8       0
                reset_vec                             0        0        3        0       0
                config                             2007     2007        1     400E       0
dist/default/production\RIMS_4_BYTE_RECIEVER.X.production.obj
                cinit                                15       15       18        8       0
                intentry                              4        4        E        8       0
                text19                              423      423       28      69C       0
                text18                              44B      44B       27      69C       0
                text17                              4ED      4ED       12      69C       0
                text16                              16D      16D       85        8       0
                text15                              48D      48D       18      69C       0
                text14                              4DB      4DB       12      69C       0
                text13                              4C9      4C9       12      69C       0
                text12                              4B7      4B7       12      69C       0
                text11                              4A5      4A5       12      69C       0
                text10                              3F8      3F8       2B      69C       0
                text9                               4FF      4FF        D      69C       0
                text8                               1F2      1F2       7A        8       0
                text7                               50C      50C        C      69C       0
                text6                               3CC      3CC       2C      69C       0
                text5                               39B      39B       31      69C       0
                text4                               34E      34E       4D      69C       0
                text3                               472      472       1B      69C       0
                text2                                2D       2D      140        8       0
                text1                               520      520        6      69C       0
                maintext                            26C      26C       53        8       0
                cstackBANK0                          61       61        F       20       1
                cstackCOMMON                         75       75        5       70       1
                cstackBANK1                          EF       EF        1       A0       1
                clrtext                             518      518        8      69C       0
                bssBANK1                             A0       A0       4F       A0       1
                bssBANK0                             20       20       41       20       1
                bssCOMMON                            70       70        5       70       1
                strings                             300      300       4E      600       0

TOTAL           Name                               Link     Load   Length     Space
        CLASS   CONST          

        CLASS   CODE           
                end_init                             12       12        3         0
                cinit                                15       15       18         0
                intentry                              4        4        E         0
                reset_vec                             0        0        3         0
                text19                              423      423       28         0
                text18                              44B      44B       27         0
                text17                              4ED      4ED       12         0
                text16                              16D      16D       85         0
                text15                              48D      48D       18         0
                text14                              4DB      4DB       12         0
                text13                              4C9      4C9       12         0
                text12                              4B7      4B7       12         0
                text11                              4A5      4A5       12         0
                text10                              3F8      3F8       2B         0
                text9                               4FF      4FF        D         0
                text8                               1F2      1F2       7A         0
                text7                               50C      50C        C         0
                text6                               3CC      3CC       2C         0
                text5                               39B      39B       31         0
                text4                               34E      34E       4D         0
                text3                               472      472       1B         0
                text2                                2D       2D      140         0
                text1                               520      520        6         0
                maintext                            26C      26C       53         0
                clrtext                             518      518        8         0

        CLASS   STRCODE        

        CLASS   ENTRY          

        CLASS   STRING         
                strings                             300      300       4E         0

        CLASS   COMMON         
                cstackCOMMON                         75       75        5         1
                bssCOMMON                            70       70        5         1

        CLASS   BANK0          
                cstackBANK0                          61       61        F         1
                bssBANK0                             20       20       41         1

        CLASS   BANK1          
                cstackBANK1                          EF       EF        1         1
                bssBANK1                             A0       A0       4F         1

        CLASS   BANK2          

        CLASS   BANK3          

        CLASS   RAM            

        CLASS   ABS1           
                abs_s1                               7E       7E        2         1

        CLASS   SFR0           

        CLASS   SFR1           

        CLASS   SFR2           

        CLASS   SFR3           

        CLASS   CONFIG         
                config                             2007     2007        1         0

        CLASS   IDLOC          

        CLASS   EEDATA         



SEGMENTS        Name                           Load    Length   Top    Selector   Space  Class     Delta

                reset_vec                      000000  000003  000003         0       0  CODE        2
                intentry                       000004  0002BB  0002BF         8       0  CODE        2
                bssBANK0                       000020  000050  000070        20       1  BANK0       1
                bssCOMMON                      000070  00000A  00007A        70       1  COMMON      1
                bssBANK1                       0000A0  000050  0000F0        A0       1  BANK1       1
                strings                        000300  00004E  00034E       600       0  STRING      2
                text4                          00034E  0001D8  000526       69C       0  CODE        2
                config                         002007  000001  002008      400E       0  CONFIG      2


UNUSED ADDRESS RANGES

        Name                Unused          Largest block    Delta
        BANK2            0110-016F             60           1
        BANK3            0190-01EF             60           1
        CODE             0003-0003              1           2
                         02BF-02FF             41
                         0526-1FFF            800
        COMMON           007A-007D              4           1
        CONST            0003-0003              1           2
                         02BF-02FF             41
                         0526-1FFF            100
        EEDATA           2100-21FF            100           2
        ENTRY            0003-0003              1           2
                         02BF-02FF             41
                         0526-1FFF            100
        IDLOC            2000-2003              4           2
        RAM              0110-016F             60           1
                         0190-01EF             60
        SFR0             0000-001F             20           1
        SFR1             0080-009F             20           1
        SFR2             0100-010F             10           1
        SFR3             0180-018F             10           1
        STRCODE          0003-0003              1           2
                         02BF-02FF             41
                         0526-1FFF           1ADA
        STRING           0003-0003              1           2
                         02BF-02FF             41
                         0526-1FFF            100

                                  Symbol Table

?_Asc2Hex                 cstackBANK0  0061
?_ComputeChkSum           cstackBANK0  0061
?_Hex2Asc                 cstackBANK0  0062
?_strlen                  cstackBANK0  0061
Asc2Hex@Byte1             cstackBANK0  0067
Asc2Hex@Byte2             cstackBANK0  0061
Asc2Hex@Data              cstackBANK0  0064
Asc2Hex@tmpHB             cstackBANK0  0066
Asc2Hex@tmpLB             cstackBANK0  0065
ComputeChkSum@b           cstackBANK0  0066
ComputeChkSum@checksum    cstackBANK0  0067
Display_Data@databyte     cstackBANK0  0063
Hex2Asc@BinBuf            cstackBANK0  0067
Hex2Asc@Cnt               cstackBANK0  0066
Hex2Asc@PrtBlkFlag        cstackBANK0  0062
Hex2Asc@tmp               cstackBANK0  0065
PrintMsg@BLen             cstackBANK0  0069
PrintMsg@Buf              cstackBANK0  006B
PrintMsg@Cnt              cstackBANK0  006C
ProcData@TxData           cstackBANK1  00EF
Transmit@Dat              cstackBANK0  0061
_Asc2Hex                  text8        01F2
_Chiller_PumpsEnums       bssBANK0     005C
_ComputeChkSum            text3        0472
_Computed_Checksum        bssBANK0     0052
_Config_Ports             text18       044B
_Config_Timer             text9        04FF
_DRREq_Delay              bssCOMMON    0070
_Data_CNT                 bssBANK0     0054
_Display_Data             text16       016D
_Hex2Asc                  text4        034E
_INTCONbits               (abs)        000B
_Init_Display             text10       03F8
_Init_Serial              text17       04ED
_Init_interrupts          text1        0520
_PIE1bits                 (abs)        008C
_PIR1bits                 (abs)        000C
_PORTBbits                (abs)        0006
_PORTDbits                (abs)        0008
_PrintMsg                 text5        039B
_ProcData                 text2        002D
_RCIF                     (abs)        0065
_RCREG                    (abs)        001A
_RCSTAbits                (abs)        0018
_RX_Checksum              bssCOMMON    0071
_RX_Checksum_Curr         bssBANK0     005D
_RX_Checksum_Prev         bssBANK0     005E
_SPBRG                    (abs)        0099
_T1CONbits                (abs)        0010
_TMR1H                    (abs)        000F
_TMR1L                    (abs)        000E
_TRISBbits                (abs)        0086
_TRISCbits                (abs)        0087
_TRISDbits                (abs)        0088
_TXREG                    (abs)        0019
_TXSTAbits                (abs)        0098
_Transmit                 text7        050C
__CFG_BOREN$ON            (abs)        0000
__CFG_CP$OFF              (abs)        0000
__CFG_CPD$OFF             (abs)        0000
__CFG_FOSC$HS             (abs)        0000
__CFG_LVP$OFF             (abs)        0000
__CFG_PWRTE$OFF           (abs)        0000
__CFG_WDTE$OFF            (abs)        0000
__CFG_WRT$ON              (abs)        0000
__CLK1                    text14       04DB
__CLK2                    text13       04C9
__CLK3                    text12       04B7
__CLK4                    text11       04A5
__Habs1                   abs1         0000
__Hbank0                  bank0        0000
__Hbank1                  bank1        0000
__Hbank2                  bank2        0000
__Hbank3                  bank3        0000
__HbssBANK0               bssBANK0     0000
__HbssBANK1               bssBANK1     0000
__HbssCOMMON              bssCOMMON    0000
__Hcinit                  cinit        002D
__Hclrtext                clrtext      0000
__Hcode                   code         0000
__Hcommon                 common       0000
__Hconfig                 config       2008
__HcstackBANK0            cstackBANK0  0000
__HcstackBANK1            cstackBANK1  0000
__HcstackCOMMON           cstackCOMMON 0000
__Heeprom_data            eeprom_data  0000
__Hend_init               end_init     0015
__Hfunctab                functab      0000
__Hidloc                  idloc        0000
__Hinit                   init         0012
__Hintentry               intentry     0012
__Hmaintext               maintext     0000
__Hpowerup                powerup      0000
__Hram                    ram          0000
__Hreset_vec              reset_vec    0003
__Hsfr0                   sfr0         0000
__Hsfr1                   sfr1         0000
__Hsfr2                   sfr2         0000
__Hsfr3                   sfr3         0000
__Hstrings                strings      0000
__Htext                   text         0000
__Labs1                   abs1         0000
__Lbank0                  bank0        0000
__Lbank1                  bank1        0000
__Lbank2                  bank2        0000
__Lbank3                  bank3        0000
__LbssBANK0               bssBANK0     0000
__LbssBANK1               bssBANK1     0000
__LbssCOMMON              bssCOMMON    0000
__Lcinit                  cinit        0015
__Lclrtext                clrtext      0000
__Lcode                   code         0000
__Lcommon                 common       0000
__Lconfig                 config       2007
__LcstackBANK0            cstackBANK0  0000
__LcstackBANK1            cstackBANK1  0000
__LcstackCOMMON           cstackCOMMON 0000
__Leeprom_data            eeprom_data  0000
__Lend_init               end_init     0012
__Lfunctab                functab      0000
__Lidloc                  idloc        0000
__Linit                   init         0012
__Lintentry               intentry     0004
__Lmaintext               maintext     0000
__Lpowerup                powerup      0000
__Lram                    ram          0000
__Lreset_vec              reset_vec    0000
__Lsfr0                   sfr0         0000
__Lsfr1                   sfr1         0000
__Lsfr2                   sfr2         0000
__Lsfr3                   sfr3         0000
__Lstrings                strings      0000
__Ltext                   text         0000
__S0                      (abs)        2008
__S1                      (abs)        00F0
__S3                      (abs)        0000
___latbits                (abs)        0002
__end_of_Asc2Hex          text8        026C
__end_of_ComputeChkSum    text3        048D
__end_of_Config_Ports     text18       0472
__end_of_Config_Timer     text9        050C
__end_of_Display_Data     text16       01F2
__end_of_Hex2Asc          text4        039B
__end_of_Init_Display     text10       0423
__end_of_Init_Serial      text17       04FF
__end_of_Init_interrupts  text1        0526
__end_of_PrintMsg         text5        03CC
__end_of_ProcData         text2        016D
__end_of_Transmit         text7        0518
__end_of__CLK1            text14       04ED
__end_of__CLK2            text13       04DB
__end_of__CLK3            text12       04C9
__end_of__CLK4            text11       04B7
__end_of__initialization  cinit        0029
__end_of__stringdata      strings      034E
__end_of__stringtab       strings      0306
__end_of_delay            text15       04A5
__end_of_isr              text19       044B
__end_of_main             maintext     02BF
__end_of_strlen           text6        03F8
__initialization          cinit        0015
__pbssBANK0               bssBANK0     0020
__pbssBANK1               bssBANK1     00A0
__pbssCOMMON              bssCOMMON    0070
__pcstackBANK0            cstackBANK0  0061
__pcstackBANK1            cstackBANK1  00EF
__pcstackCOMMON           cstackCOMMON 0075
__pintentry               intentry     0004
__pmaintext               maintext     026C
__pstrings                strings      0300
__ptext1                  text1        0520
__ptext10                 text10       03F8
__ptext11                 text11       04A5
__ptext12                 text12       04B7
__ptext13                 text13       04C9
__ptext14                 text14       04DB
__ptext15                 text15       048D
__ptext16                 text16       016D
__ptext17                 text17       04ED
__ptext18                 text18       044B
__ptext19                 text19       0423
__ptext2                  text2        002D
__ptext3                  text3        0472
__ptext4                  text4        034E
__ptext5                  text5        039B
__ptext6                  text6        03CC
__ptext7                  text7        050C
__ptext8                  text8        01F2
__ptext9                  text9        04FF
__size_of_Asc2Hex         (abs)        0000
__size_of_ComputeChkSum   (abs)        0000
__size_of_Config_Ports    (abs)        0000
__size_of_Config_Timer    (abs)        0000
__size_of_Display_Data    (abs)        0000
__size_of_Hex2Asc         (abs)        0000
__size_of_Init_Display    (abs)        0000
__size_of_Init_Serial     (abs)        0000
__size_of_Init_interrupts (abs)        0000
__size_of_PrintMsg        (abs)        0000
__size_of_ProcData        (abs)        0000
__size_of_Transmit        (abs)        0000
__size_of__CLK1           (abs)        0000
__size_of__CLK2           (abs)        0000
__size_of__CLK3           (abs)        0000
__size_of__CLK4           (abs)        0000
__size_of_delay           (abs)        0000
__size_of_isr             (abs)        0000
__size_of_main            (abs)        0000
__size_of_strlen          (abs)        0000
__stringbase              strings      0305
__stringdata              strings      0306
__stringtab               strings      0300
_count                    bssBANK0     005F
_data                     bssCOMMON    0072
_dataEnum                 bssBANK0     0060
_data_Rx                  bssBANK0     0020
_data_Rx_ASCii            bssBANK1     00A0
_data_Rx_Buff             bssBANK1     00B9
_data_Rx_Curr             bssBANK0     0039
_data_Rx_Prev             bssBANK1     00D2
_delay                    text15       048D
_go                       bssCOMMON    0073
_i                        bssBANK0     0056
_isr                      text19       0423
_main                     maintext     026C
_rec_dat                  bssBANK1     00EB
_recv_Dat                 bssCOMMON    0074
_strlen                   text6        03CC
_tmepHB                   bssBANK0     0058
_tmepLB                   bssBANK0     005A
btemp                     (abs)        007E
clear_ram0                clrtext      0518
end_of_initialization     cinit        0029
interrupt_function        intentry     0004
intlevel0                 functab      0000
intlevel1                 functab      0000
intlevel2                 functab      0000
intlevel3                 functab      0000
intlevel4                 functab      0000
intlevel5                 functab      0000
reset_vec                 reset_vec    0000
saved_w                   (abs)        007E
start                     init         0012
start_initialization      cinit        0015
strlen@cp                 cstackBANK0  0068
strlen@s                  cstackBANK0  0067
wtemp0                    (abs)        007E


FUNCTION INFORMATION:

 *************** function _main *****************
 Defined at:
		line 87 in file "RIMS_4_BYTE_RECIEVER.c"
 Parameters:    Size  Location     Type
		None
 Auto vars:     Size  Location     Type
		None
 Return value:  Size  Location     Type
		None               void
 Registers used:
		wreg, fsr0l, fsr0h, status,2, status,0, btemp+1, pclath, cstack
 Tracked objects:
		On entry : 
		On exit  : 
		Unchanged: 
 Data sizes:     COMMON   BANK0   BANK1   BANK3   BANK2
      Params:         0       0       0       0       0
      Locals:         0       0       0       0       0
      Temps:          0       0       0       0       0
      Totals:         0       0       0       0       0
Total ram usage:        0 bytes
 Hardware stack levels required when called:    5
 This function calls:
		_Config_Ports
		_Init_Serial
		_Init_Display
		_Display_Data
		__CLK1
		__CLK2
		__CLK3
		__CLK4
		_Config_Timer
		_ProcData
		_Init_interrupts
 This function is called by:
		Startup code after reset
 This function uses a non-reentrant model


 *************** function _Init_interrupts *****************
 Defined at:
		line 75 in file "RIMS_4_BYTE_RECIEVER.c"
 Parameters:    Size  Location     Type
		None
 Auto vars:     Size  Location     Type
		None
 Return value:  Size  Location     Type
		None               void
 Registers used:
		None
 Tracked objects:
		On entry : 
		On exit  : 
		Unchanged: 
 Data sizes:     COMMON   BANK0   BANK1   BANK3   BANK2
      Params:         0       0       0       0       0
      Locals:         0       0       0       0       0
      Temps:          0       0       0       0       0
      Totals:         0       0       0       0       0
Total ram usage:        0 bytes
 Hardware stack levels used:    1
 Hardware stack levels required when called:    1
 This function calls:
		Nothing
 This function is called by:
		_main
 This function uses a non-reentrant model


 *************** function _ProcData *****************
 Defined at:
		line 255 in file "Config.h"
 Parameters:    Size  Location     Type
		None
 Auto vars:     Size  Location     Type
  TxData          1    0[BANK1 ] unsigned char 
 Return value:  Size  Location     Type
		None               void
 Registers used:
		wreg, fsr0l, fsr0h, status,2, status,0, pclath, cstack
 Tracked objects:
		On entry : 
		On exit  : 
		Unchanged: 
 Data sizes:     COMMON   BANK0   BANK1   BANK3   BANK2
      Params:         0       0       0       0       0
      Locals:         0       0       1       0       0
      Temps:          0       2       0       0       0
      Totals:         0       2       1       0       0
Total ram usage:        3 bytes
 Hardware stack levels used:    1
 Hardware stack levels required when called:    4
 This function calls:
		_Asc2Hex
		_PrintMsg
		_Hex2Asc
		_ComputeChkSum
 This function is called by:
		_main
 This function uses a non-reentrant model


 *************** function _ComputeChkSum *****************
 Defined at:
		line 329 in file "Config.h"
 Parameters:    Size  Location     Type
		None
 Auto vars:     Size  Location     Type
  checksum        1    6[BANK0 ] unsigned char 
  b               1    5[BANK0 ] unsigned char 
  a               1    0        unsigned char 
  i               1    0        unsigned char 
 Return value:  Size  Location     Type
                  2    0[BANK0 ] int 
 Registers used:
		wreg, status,2, status,0
 Tracked objects:
		On entry : 
		On exit  : 
		Unchanged: 
 Data sizes:     COMMON   BANK0   BANK1   BANK3   BANK2
      Params:         0       2       0       0       0
      Locals:         0       2       0       0       0
      Temps:          0       3       0       0       0
      Totals:         0       7       0       0       0
Total ram usage:        7 bytes
 Hardware stack levels used:    1
 Hardware stack levels required when called:    1
 This function calls:
		Nothing
 This function is called by:
		_ProcData
 This function uses a non-reentrant model


 *************** function _Hex2Asc *****************
 Defined at:
		line 374 in file "Config.h"
 Parameters:    Size  Location     Type
  BinBuf          1    wreg     unsigned char 
  PrtBlkFlag      1    1[BANK0 ] unsigned char 
 Auto vars:     Size  Location     Type
  BinBuf          1    6[BANK0 ] unsigned char 
  Cnt             1    5[BANK0 ] unsigned char 
  tmp             1    4[BANK0 ] unsigned char 
 Return value:  Size  Location     Type
		None               void
 Registers used:
		wreg, status,2, status,0, pclath, cstack
 Tracked objects:
		On entry : 
		On exit  : 
		Unchanged: 
 Data sizes:     COMMON   BANK0   BANK1   BANK3   BANK2
      Params:         0       1       0       0       0
      Locals:         0       3       0       0       0
      Temps:          0       2       0       0       0
      Totals:         0       6       0       0       0
Total ram usage:        6 bytes
 Hardware stack levels used:    1
 Hardware stack levels required when called:    2
 This function calls:
		_Transmit
 This function is called by:
		_ProcData
		_Hex2AscW
 This function uses a non-reentrant model


 *************** function _PrintMsg *****************
 Defined at:
		line 444 in file "Config.h"
 Parameters:    Size  Location     Type
  Buf             1    wreg     PTR unsigned char 
		 -> STR_5(3), STR_4(18), STR_3(17), STR_2(17), 
		 -> STR_1(17), 
 Auto vars:     Size  Location     Type
  Buf             1   10[BANK0 ] PTR unsigned char 
		 -> STR_5(3), STR_4(18), STR_3(17), STR_2(17), 
		 -> STR_1(17), 
  Cnt             2   11[BANK0 ] unsigned int 
  BLen            2    8[BANK0 ] unsigned int 
 Return value:  Size  Location     Type
		None               void
 Registers used:
		wreg, fsr0l, fsr0h, status,2, status,0, pclath, cstack
 Tracked objects:
		On entry : 
		On exit  : 
		Unchanged: 
 Data sizes:     COMMON   BANK0   BANK1   BANK3   BANK2
      Params:         0       0       0       0       0
      Locals:         0       5       0       0       0
      Temps:          0       0       0       0       0
      Totals:         0       5       0       0       0
Total ram usage:        5 bytes
 Hardware stack levels used:    1
 Hardware stack levels required when called:    3
 This function calls:
		_Transmit
		_strlen
 This function is called by:
		_ProcData
		_PrintLFCR
 This function uses a non-reentrant model


 *************** function _strlen *****************
 Defined at:
		line 5 in file "C:\Program Files (x86)\Microchip\xc8\v1.21\sources\common\strlen.c"
 Parameters:    Size  Location     Type
  s               1    wreg     PTR const unsigned char 
		 -> STR_5(3), STR_4(18), STR_3(17), STR_2(17), 
		 -> STR_1(17), 
 Auto vars:     Size  Location     Type
  s               1    6[BANK0 ] PTR const unsigned char 
		 -> STR_5(3), STR_4(18), STR_3(17), STR_2(17), 
		 -> STR_1(17), 
  cp              1    7[BANK0 ] PTR const unsigned char 
		 -> STR_5(3), STR_4(18), STR_3(17), STR_2(17), 
		 -> STR_1(17), 
 Return value:  Size  Location     Type
                  2    0[BANK0 ] unsigned int 
 Registers used:
		wreg, fsr0l, fsr0h, status,2, status,0, pclath
 Tracked objects:
		On entry : 
		On exit  : 
		Unchanged: 
 Data sizes:     COMMON   BANK0   BANK1   BANK3   BANK2
      Params:         0       2       0       0       0
      Locals:         0       2       0       0       0
      Temps:          0       4       0       0       0
      Totals:         0       8       0       0       0
Total ram usage:        8 bytes
 Hardware stack levels used:    2
 Hardware stack levels required when called:    1
 This function calls:
		Nothing
 This function is called by:
		_PrintMsg
 This function uses a non-reentrant model


 *************** function _Transmit *****************
 Defined at:
		line 159 in file "Config.h"
 Parameters:    Size  Location     Type
  Dat             1    wreg     unsigned char 
 Auto vars:     Size  Location     Type
  Dat             1    0[BANK0 ] unsigned char 
 Return value:  Size  Location     Type
		None               void
 Registers used:
		wreg
 Tracked objects:
		On entry : 
		On exit  : 
		Unchanged: 
 Data sizes:     COMMON   BANK0   BANK1   BANK3   BANK2
      Params:         0       0       0       0       0
      Locals:         0       1       0       0       0
      Temps:          0       0       0       0       0
      Totals:         0       1       0       0       0
Total ram usage:        1 bytes
 Hardware stack levels used:    1
 Hardware stack levels required when called:    1
 This function calls:
		Nothing
 This function is called by:
		_Hex2Asc
		_PrintMsg
		_Hex2AscW
 This function uses a non-reentrant model


 *************** function _Asc2Hex *****************
 Defined at:
		line 397 in file "Config.h"
 Parameters:    Size  Location     Type
  Byte1           1    wreg     unsigned char 
  Byte2           1    0[BANK0 ] unsigned char 
 Auto vars:     Size  Location     Type
  Byte1           1    6[BANK0 ] unsigned char 
  tmpHB           1    5[BANK0 ] unsigned char 
  tmpLB           1    4[BANK0 ] unsigned char 
  Data            1    3[BANK0 ] unsigned char 
  Cnt             1    0        unsigned char 
 Return value:  Size  Location     Type
                  1    wreg      unsigned char 
 Registers used:
		wreg, status,2, status,0
 Tracked objects:
		On entry : 
		On exit  : 
		Unchanged: 
 Data sizes:     COMMON   BANK0   BANK1   BANK3   BANK2
      Params:         0       1       0       0       0
      Locals:         0       4       0       0       0
      Temps:          0       2       0       0       0
      Totals:         0       7       0       0       0
Total ram usage:        7 bytes
 Hardware stack levels used:    1
 Hardware stack levels required when called:    1
 This function calls:
		Nothing
 This function is called by:
		_ProcData
 This function uses a non-reentrant model


 *************** function _Config_Timer *****************
 Defined at:
		line 180 in file "Config.h"
 Parameters:    Size  Location     Type
		None
 Auto vars:     Size  Location     Type
		None
 Return value:  Size  Location     Type
		None               void
 Registers used:
		status,2
 Tracked objects:
		On entry : 
		On exit  : 
		Unchanged: 
 Data sizes:     COMMON   BANK0   BANK1   BANK3   BANK2
      Params:         0       0       0       0       0
      Locals:         0       0       0       0       0
      Temps:          0       0       0       0       0
      Totals:         0       0       0       0       0
Total ram usage:        0 bytes
 Hardware stack levels used:    1
 Hardware stack levels required when called:    1
 This function calls:
		Nothing
 This function is called by:
		_main
 This function uses a non-reentrant model


 *************** function _Init_Display *****************
 Defined at:
		line 145 in file "Config.h"
 Parameters:    Size  Location     Type
		None
 Auto vars:     Size  Location     Type
		None
 Return value:  Size  Location     Type
		None               void
 Registers used:
		wreg, status,2, status,0, btemp+1, pclath, cstack
 Tracked objects:
		On entry : 
		On exit  : 
		Unchanged: 
 Data sizes:     COMMON   BANK0   BANK1   BANK3   BANK2
      Params:         0       0       0       0       0
      Locals:         0       0       0       0       0
      Temps:          0       0       0       0       0
      Totals:         0       0       0       0       0
Total ram usage:        0 bytes
 Hardware stack levels used:    1
 Hardware stack levels required when called:    3
 This function calls:
		_Display_Data
		__CLK1
		__CLK2
		__CLK3
		__CLK4
 This function is called by:
		_main
 This function uses a non-reentrant model


 *************** function __CLK4 *****************
 Defined at:
		line 245 in file "Config.h"
 Parameters:    Size  Location     Type
		None
 Auto vars:     Size  Location     Type
		None
 Return value:  Size  Location     Type
		None               void
 Registers used:
		wreg, status,2, status,0, btemp+1, pclath, cstack
 Tracked objects:
		On entry : 
		On exit  : 
		Unchanged: 
 Data sizes:     COMMON   BANK0   BANK1   BANK3   BANK2
      Params:         0       0       0       0       0
      Locals:         0       0       0       0       0
      Temps:          0       0       0       0       0
      Totals:         0       0       0       0       0
Total ram usage:        0 bytes
 Hardware stack levels used:    1
 Hardware stack levels required when called:    2
 This function calls:
		_delay
 This function is called by:
		_Init_Display
		_main
 This function uses a non-reentrant model


 *************** function __CLK3 *****************
 Defined at:
		line 236 in file "Config.h"
 Parameters:    Size  Location     Type
		None
 Auto vars:     Size  Location     Type
		None
 Return value:  Size  Location     Type
		None               void
 Registers used:
		wreg, status,2, status,0, btemp+1, pclath, cstack
 Tracked objects:
		On entry : 
		On exit  : 
		Unchanged: 
 Data sizes:     COMMON   BANK0   BANK1   BANK3   BANK2
      Params:         0       0       0       0       0
      Locals:         0       0       0       0       0
      Temps:          0       0       0       0       0
      Totals:         0       0       0       0       0
Total ram usage:        0 bytes
 Hardware stack levels used:    1
 Hardware stack levels required when called:    2
 This function calls:
		_delay
 This function is called by:
		_Init_Display
		_main
 This function uses a non-reentrant model


 *************** function __CLK2 *****************
 Defined at:
		line 227 in file "Config.h"
 Parameters:    Size  Location     Type
		None
 Auto vars:     Size  Location     Type
		None
 Return value:  Size  Location     Type
		None               void
 Registers used:
		wreg, status,2, status,0, btemp+1, pclath, cstack
 Tracked objects:
		On entry : 
		On exit  : 
		Unchanged: 
 Data sizes:     COMMON   BANK0   BANK1   BANK3   BANK2
      Params:         0       0       0       0       0
      Locals:         0       0       0       0       0
      Temps:          0       0       0       0       0
      Totals:         0       0       0       0       0
Total ram usage:        0 bytes
 Hardware stack levels used:    1
 Hardware stack levels required when called:    2
 This function calls:
		_delay
 This function is called by:
		_Init_Display
		_main
 This function uses a non-reentrant model


 *************** function __CLK1 *****************
 Defined at:
		line 216 in file "Config.h"
 Parameters:    Size  Location     Type
		None
 Auto vars:     Size  Location     Type
		None
 Return value:  Size  Location     Type
		None               void
 Registers used:
		wreg, status,2, status,0, btemp+1, pclath, cstack
 Tracked objects:
		On entry : 
		On exit  : 
		Unchanged: 
 Data sizes:     COMMON   BANK0   BANK1   BANK3   BANK2
      Params:         0       0       0       0       0
      Locals:         0       0       0       0       0
      Temps:          0       0       0       0       0
      Totals:         0       0       0       0       0
Total ram usage:        0 bytes
 Hardware stack levels used:    1
 Hardware stack levels required when called:    2
 This function calls:
		_delay
 This function is called by:
		_Init_Display
		_main
 This function uses a non-reentrant model


 *************** function _delay *****************
 Defined at:
		line 33 in file "RIMS_4_BYTE_RECIEVER.c"
 Parameters:    Size  Location     Type
		None
 Auto vars:     Size  Location     Type
		None
 Return value:  Size  Location     Type
		None               void
 Registers used:
		wreg, status,2, btemp+1
 Tracked objects:
		On entry : 
		On exit  : 
		Unchanged: 
 Data sizes:     COMMON   BANK0   BANK1   BANK3   BANK2
      Params:         0       0       0       0       0
      Locals:         0       0       0       0       0
      Temps:          0       0       0       0       0
      Totals:         0       0       0       0       0
Total ram usage:        0 bytes
 Hardware stack levels used:    1
 Hardware stack levels required when called:    1
 This function calls:
		Nothing
 This function is called by:
		__CLK1
		__CLK2
		__CLK3
		__CLK4
 This function uses a non-reentrant model


 *************** function _Display_Data *****************
 Defined at:
		line 198 in file "Config.h"
 Parameters:    Size  Location     Type
  databyte        1    wreg     unsigned char 
 Auto vars:     Size  Location     Type
  databyte        1    2[BANK0 ] unsigned char 
 Return value:  Size  Location     Type
		None               void
 Registers used:
		wreg, status,2, status,0
 Tracked objects:
		On entry : 
		On exit  : 
		Unchanged: 
 Data sizes:     COMMON   BANK0   BANK1   BANK3   BANK2
      Params:         0       0       0       0       0
      Locals:         0       1       0       0       0
      Temps:          0       2       0       0       0
      Totals:         0       3       0       0       0
Total ram usage:        3 bytes
 Hardware stack levels used:    1
 Hardware stack levels required when called:    1
 This function calls:
		Nothing
 This function is called by:
		_Init_Display
		_main
 This function uses a non-reentrant model


 *************** function _Init_Serial *****************
 Defined at:
		line 131 in file "Config.h"
 Parameters:    Size  Location     Type
		None
 Auto vars:     Size  Location     Type
		None
 Return value:  Size  Location     Type
		None               void
 Registers used:
		wreg
 Tracked objects:
		On entry : 
		On exit  : 
		Unchanged: 
 Data sizes:     COMMON   BANK0   BANK1   BANK3   BANK2
      Params:         0       0       0       0       0
      Locals:         0       0       0       0       0
      Temps:          0       0       0       0       0
      Totals:         0       0       0       0       0
Total ram usage:        0 bytes
 Hardware stack levels used:    1
 Hardware stack levels required when called:    1
 This function calls:
		Nothing
 This function is called by:
		_main
 This function uses a non-reentrant model


 *************** function _Config_Ports *****************
 Defined at:
		line 84 in file "Config.h"
 Parameters:    Size  Location     Type
		None
 Auto vars:     Size  Location     Type
		None
 Return value:  Size  Location     Type
		None               void
 Registers used:
		None
 Tracked objects:
		On entry : 
		On exit  : 
		Unchanged: 
 Data sizes:     COMMON   BANK0   BANK1   BANK3   BANK2
      Params:         0       0       0       0       0
      Locals:         0       0       0       0       0
      Temps:          0       0       0       0       0
      Totals:         0       0       0       0       0
Total ram usage:        0 bytes
 Hardware stack levels used:    1
 Hardware stack levels required when called:    1
 This function calls:
		Nothing
 This function is called by:
		_main
 This function uses a non-reentrant model


 *************** function _isr *****************
 Defined at:
		line 39 in file "RIMS_4_BYTE_RECIEVER.c"
 Parameters:    Size  Location     Type
		None
 Auto vars:     Size  Location     Type
		None
 Return value:  Size  Location     Type
		None               void
 Registers used:
		wreg, fsr0l, fsr0h, status,2, status,0
 Tracked objects:
		On entry : 
		On exit  : 
		Unchanged: 
 Data sizes:     COMMON   BANK0   BANK1   BANK3   BANK2
      Params:         0       0       0       0       0
      Locals:         0       0       0       0       0
      Temps:          5       0       0       0       0
      Totals:         5       0       0       0       0
Total ram usage:        5 bytes
 Hardware stack levels used:    1
 This function calls:
		Nothing
 This function is called by:
		Interrupt level 1
 This function uses a non-reentrant model



MODULE INFORMATION

Module		Function		Class		Link	Load	Size
shared
		__stringtab    		STRING         	0300	0000	6
		__stringdata   		STRING         	0306	0000	72
		__initializatio		CODE           	0015	0000	20

shared estimated size: 98

RIMS_4_BYTE_RECIEVER.c
		_delay         		CODE           	048D	0000	24
		_main          		CODE           	026C	0000	83
		_Init_interrupt		CODE           	0520	0000	6
		_isr           		CODE           	0423	0000	40

RIMS_4_BYTE_RECIEVER.c estimated size: 153

C:\Program Files (x86)\Microchip\xc8\v1.21\sources\common\strlen.c
		_strlen        		CODE           	03CC	0000	44

C:\Program Files (x86)\Microchip\xc8\v1.21\sources\common\strlen.c estimated size: 44

Config.h
		__CLK3         		CODE           	04B7	0000	18
		_Init_Serial   		CODE           	04ED	0000	18
		_ComputeChkSum 		CODE           	0472	0000	27
		__CLK4         		CODE           	04A5	0000	18
		_Hex2Asc       		CODE           	034E	0000	77
		_Asc2Hex       		CODE           	01F2	0000	122
		_ProcData      		CODE           	002D	0000	320
		_Transmit      		CODE           	050C	0000	12
		_Config_Timer  		CODE           	04FF	0000	13
		_Config_Ports  		CODE           	044B	0000	39
		__CLK1         		CODE           	04DB	0000	18
		_Init_Display  		CODE           	03F8	0000	43
		__CLK2         		CODE           	04C9	0000	18
		_Display_Data  		CODE           	016D	0000	133
		_PrintMsg      		CODE           	039B	0000	49

Config.h estimated size: 925

