Microchip MPLAB XC8 Compiler V1.38 ()

Linker command line:

-W-3 --edf=C:\Program Files\Microchip\xc8\v1.38\dat\en_msgs.txt -cs \
  -h+dist/default/production\RIMS_4_BYTE_RECIEVER.X.production.sym \
  --cmf=dist/default/production\RIMS_4_BYTE_RECIEVER.X.production.cmf -z \
  -Q18F452 -oC:\Users\KRL\AppData\Local\Temp\s7jo.2 \
  -Mdist/default/production/RIMS_4_BYTE_RECIEVER.X.production.map -E1 \
  -ver=XC8 -ASTACK=080h-05ffh -pstack=STACK -ACODE=00h-03FFFhx2 \
  -ACONST=00h-07FFFh -ASMALLCONST=0600h-06FFhx122 \
  -AMEDIUMCONST=0600h-07FFFh -ACOMRAM=01h-07Fh -AABS1=00h-05FFh \
  -ABIGRAM=01h-05FFh -ARAM=080h-0FFh,0100h-01FFhx5 -ABANK0=080h-0FFh \
  -ABANK1=0100h-01FFh -ABANK2=0200h-02FFh -ABANK3=0300h-03FFh \
  -ABANK4=0400h-04FFh -ABANK5=0500h-05FFh -ASFR=0F80h-0FFFh \
  -preset_vec=00h,intcode=08h,intcodelo,powerup,init,end_init \
  -pramtop=0600h -psmallconst=SMALLCONST -pmediumconst=MEDIUMCONST \
  -pconst=CONST -AFARRAM=00h-00h -ACONFIG=0300000h-030000Dh -pconfig=CONFIG \
  -AIDLOC=0200000h-0200007h -pidloc=IDLOC -AEEDATA=0F00000h-0F000FFh \
  -peeprom_data=EEDATA \
  -prdata=COMRAM,nvrram=COMRAM,nvbit=COMRAM,rbss=COMRAM,rbit=COMRAM \
  -pfarbss=FARRAM,fardata=FARRAM,nvFARRAM=FARRAM \
  -pintsave_regs=BIGRAM,bigbss=BIGRAM,bigdata=BIGRAM -pbss=RAM \
  -pidata=CODE,irdata=CODE,ibigdata=CODE,ifardata=CODE -prparam=COMRAM \
  C:\Users\KRL\AppData\Local\Temp\s7jo.obj \
  dist/default/production\RIMS_4_BYTE_RECIEVER.X.production.obj 

Object code version is 3.11

Machine type is 18F452

Call graph: (short form)




                Name                               Link     Load   Length Selector   Space Scale
C:\Users\KRL\AppData\Local\Temp\s7jo.obj
                end_init                             B6       B6        4        4       0
                text                                156      156        2        4       0
                reset_vec                             0        0        6        0       0
                idloc                            200000   200000        8   200000       0
                config                           300000   300000        E   300000       0
dist/default/production\RIMS_4_BYTE_RECIEVER.X.production.obj
                intcode                               8        8       AE        4       0
                temp                                 18       18        1        1       1
                text4                               122      122       14        4       0
                text2                               136      136       12        4       0
                text1                               148      148        E        4       0
                text0                                BA       BA       52        4       0
                cstackCOMRAM                          1        1        E        1       1
                bssCOMRAM                             F        F        9        1       1
                cinit                               10C      10C       16        4       0

TOTAL           Name                               Link     Load   Length     Space
        CLASS   STACK          

        CLASS   CODE           
                end_init                             B6       B6        4         0
                text                                156      156        2         0
                intcode                               8        8       AE         0
                reset_vec                             0        0        6         0
                text4                               122      122       14         0
                text2                               136      136       12         0
                text1                               148      148        E         0
                text0                                BA       BA       52         0
                cinit                               10C      10C       16         0

        CLASS   CONST          

        CLASS   SMALLCONST     

        CLASS   MEDIUMCONST    

        CLASS   COMRAM         
                temp                                 18       18        1         1
                cstackCOMRAM                          1        1        E         1
                bssCOMRAM                             F        F        9         1

        CLASS   ABS1           

        CLASS   BIGRAM         

        CLASS   RAM            

        CLASS   BANK0          

        CLASS   BANK1          

        CLASS   BANK2          

        CLASS   BANK3          

        CLASS   BANK4          

        CLASS   BANK5          

        CLASS   SFR            

        CLASS   FARRAM         

        CLASS   CONFIG         
                config                           300000   300000        E         0

        CLASS   IDLOC          
                idloc                            200000   200000        8         0

        CLASS   EEDATA         



SEGMENTS        Name                           Load    Length   Top    Selector   Space  Class

                reset_vec                      000000  000006  000006         0       0  CODE    
                cstackCOMRAM                   000001  000018  000019         1       1  COMRAM  
                intcode                        000008  000150  000158         4       0  CODE    
                idloc                          200000  000008  200008    200000       0  IDLOC   
                config                         300000  00000E  30000E    300000       0  CONFIG  


UNUSED ADDRESS RANGES

        Name                Unused          Largest block    Delta
        BANK0            000080-0000FF               80
        BANK1            000100-0001FF              100
        BANK2            000200-0002FF              100
        BANK3            000300-0003FF              100
        BANK4            000400-0004FF              100
        BANK5            000500-0005FF              100
        BIGRAM           000019-0005FF              5E7
        CODE             000006-000007                2
                         000158-007FFF             3EA8
        COMRAM           000019-00007F               67
        CONST            000006-000007                2
                         000158-007FFF             7EA8
        EEDATA           F00000-F000FF              100
        MEDIUMCONST      000600-007FFF             7A00
        RAM              000080-0005FF              100
        SFR              000F80-000FFF               80
        SMALLCONST       000600-007FFF              100
        STACK            000080-0005FF              580

                                  Symbol Table

_ADCON1bits                                                                  (abs)        000FC1
_INTCONbits                                                                  (abs)        000FF2
_Init_Serial                                                                 text2        000136
_Init_interrupts                                                             text1        000148
_PIE1bits                                                                    (abs)        000F9D
_PORTA                                                                       (abs)        000F80
_PORTB                                                                       (abs)        000F81
_PORTC                                                                       (abs)        000F82
_PORTD                                                                       (abs)        000F83
_PORTE                                                                       (abs)        000F84
_RCIF                                                                        (abs)        007CF5
_RCREG                                                                       (abs)        000FAE
_RCSTA                                                                       (abs)        000FAB
_RCSTAbits                                                                   (abs)        000FAB
_SPBRG                                                                       (abs)        000FAF
_TRISA                                                                       (abs)        000F92
_TRISB                                                                       (abs)        000F93
_TRISC                                                                       (abs)        000F94
_TRISD                                                                       (abs)        000F95
_TRISE                                                                       (abs)        000F96
_TXREG                                                                       (abs)        000FAD
_TXSTAbits                                                                   (abs)        000FAC
__CFG_BOR$ON                                                                 (abs)        000000
__CFG_BORV$20                                                                (abs)        000000
__CFG_CCP2MUX$ON                                                             (abs)        000000
__CFG_CP0$OFF                                                                (abs)        000000
__CFG_CP1$OFF                                                                (abs)        000000
__CFG_CP2$OFF                                                                (abs)        000000
__CFG_CP3$OFF                                                                (abs)        000000
__CFG_CPB$OFF                                                                (abs)        000000
__CFG_CPD$OFF                                                                (abs)        000000
__CFG_EBTR0$OFF                                                              (abs)        000000
__CFG_EBTR1$OFF                                                              (abs)        000000
__CFG_EBTR2$OFF                                                              (abs)        000000
__CFG_EBTR3$OFF                                                              (abs)        000000
__CFG_EBTRB$OFF                                                              (abs)        000000
__CFG_LVP$ON                                                                 (abs)        000000
__CFG_OSC$RCIO                                                               (abs)        000000
__CFG_OSCS$OFF                                                               (abs)        000000
__CFG_PWRT$OFF                                                               (abs)        000000
__CFG_STVR$ON                                                                (abs)        000000
__CFG_WDT$OFF                                                                (abs)        000000
__CFG_WDTPS$128                                                              (abs)        000000
__CFG_WRT0$OFF                                                               (abs)        000000
__CFG_WRT1$OFF                                                               (abs)        000000
__CFG_WRT2$OFF                                                               (abs)        000000
__CFG_WRT3$OFF                                                               (abs)        000000
__CFG_WRTB$OFF                                                               (abs)        000000
__CFG_WRTC$OFF                                                               (abs)        000000
__CFG_WRTD$OFF                                                               (abs)        000000
__HRAM                                                                       (abs)        000000
__Habs1                                                                      abs1         000000
__Hbank0                                                                     bank0        000000
__Hbank1                                                                     bank1        000000
__Hbank2                                                                     bank2        000000
__Hbank3                                                                     bank3        000000
__Hbank4                                                                     bank4        000000
__Hbank5                                                                     bank5        000000
__Hbigbss                                                                    bigbss       000000
__Hbigdata                                                                   bigdata      000000
__Hbigram                                                                    bigram       000000
__Hbss                                                                       bss          000000
__HbssCOMRAM                                                                 bssCOMRAM    000000
__Hcinit                                                                     cinit        000000
__Hclrtext                                                                   clrtext      000000
__Hcomram                                                                    comram       000000
__Hconfig                                                                    config       30000E
__Hconst                                                                     const        000000
__HcstackCOMRAM                                                              cstackCOMRAM 000000
__Hdata                                                                      data         000000
__Heeprom_data                                                               eeprom_data  000000
__Hend_init                                                                  end_init     0000BA
__Hfarbss                                                                    farbss       000000
__Hfardata                                                                   fardata      000000
__Hibigdata                                                                  ibigdata     000000
__Hidata                                                                     idata        000000
__Hidloc                                                                     idloc        200008
__Hifardata                                                                  ifardata     000000
__Hinit                                                                      init         0000B6
__Hintcode                                                                   intcode      0000B6
__Hintcode_body                                                              intcode_body 000000
__Hintcodelo                                                                 intcodelo    0000B6
__Hintentry                                                                  intentry     000000
__Hintret                                                                    intret       000000
__Hintsave_regs                                                              intsave_regs 000000
__Hirdata                                                                    irdata       000000
__Hmediumconst                                                               mediumconst  000000
__HnvFARRAM                                                                  nvFARRAM     000000
__Hnvbit                                                                     nvbit        000000
__Hnvrram                                                                    nvrram       000000
__Hparam                                                                     rparam       000000
__Hpowerup                                                                   powerup      0000B6
__Hram                                                                       ram          000000
__Hramtop                                                                    ramtop       000600
__Hrbit                                                                      rbit         000000
__Hrbss                                                                      rbss         000000
__Hrdata                                                                     rdata        000000
__Hreset_vec                                                                 reset_vec    000006
__Hrparam                                                                    rparam       000000
__Hsfr                                                                       sfr          000000
__Hsmallconst                                                                smallconst   000000
__Hspace_0                                                                   (abs)        30000E
__Hspace_1                                                                   (abs)        000019
__Hspace_2                                                                   (abs)        000000
__Hstack                                                                     stack        000000
__Hstruct                                                                    struct       000000
__Htemp                                                                      temp         000019
__Htext                                                                      text         000000
__Htext0                                                                     text0        000000
__Htext1                                                                     text1        000000
__Htext2                                                                     text2        000000
__Htext4                                                                     text4        000000
__LRAM                                                                       (abs)        000001
__Labs1                                                                      abs1         000000
__Lbank0                                                                     bank0        000000
__Lbank1                                                                     bank1        000000
__Lbank2                                                                     bank2        000000
__Lbank3                                                                     bank3        000000
__Lbank4                                                                     bank4        000000
__Lbank5                                                                     bank5        000000
__Lbigbss                                                                    bigbss       000000
__Lbigdata                                                                   bigdata      000000
__Lbigram                                                                    bigram       000000
__Lbss                                                                       bss          000000
__LbssCOMRAM                                                                 bssCOMRAM    000000
__Lcinit                                                                     cinit        000000
__Lclrtext                                                                   clrtext      000000
__Lcomram                                                                    comram       000000
__Lconfig                                                                    config       300000
__Lconst                                                                     const        000000
__LcstackCOMRAM                                                              cstackCOMRAM 000000
__Ldata                                                                      data         000000
__Leeprom_data                                                               eeprom_data  000000
__Lend_init                                                                  end_init     0000B6
__Lfarbss                                                                    farbss       000000
__Lfardata                                                                   fardata      000000
__Libigdata                                                                  ibigdata     000000
__Lidata                                                                     idata        000000
__Lidloc                                                                     idloc        200000
__Lifardata                                                                  ifardata     000000
__Linit                                                                      init         0000B6
__Lintcode                                                                   intcode      000008
__Lintcode_body                                                              intcode_body 000000
__Lintcodelo                                                                 intcodelo    0000B6
__Lintentry                                                                  intentry     000000
__Lintret                                                                    intret       000000
__Lintsave_regs                                                              intsave_regs 000000
__Lirdata                                                                    irdata       000000
__Lmediumconst                                                               mediumconst  000000
__LnvFARRAM                                                                  nvFARRAM     000000
__Lnvbit                                                                     nvbit        000000
__Lnvrram                                                                    nvrram       000000
__Lparam                                                                     rparam       000000
__Lpowerup                                                                   powerup      0000B6
__Lram                                                                       ram          000000
__Lramtop                                                                    ramtop       000600
__Lrbit                                                                      rbit         000000
__Lrbss                                                                      rbss         000000
__Lrdata                                                                     rdata        000000
__Lreset_vec                                                                 reset_vec    000000
__Lrparam                                                                    rparam       000000
__Lsfr                                                                       sfr          000000
__Lsmallconst                                                                smallconst   000000
__Lspace_0                                                                   (abs)        000000
__Lspace_1                                                                   (abs)        000000
__Lspace_2                                                                   (abs)        000000
__Lstack                                                                     stack        000000
__Lstruct                                                                    struct       000000
__Ltemp                                                                      temp         000018
__Ltext                                                                      text         000000
__Ltext0                                                                     text0        000000
__Ltext1                                                                     text1        000000
__Ltext2                                                                     text2        000000
__Ltext4                                                                     text4        000000
__S0                                                                         (abs)        30000E
__S1                                                                         (abs)        000019
__S2                                                                         (abs)        000000
___inthi_sp                                                                  stack        000000
___intlo_sp                                                                  stack        000000
___param_bank                                                                (abs)        000010
___rparam_used                                                               (abs)        000001
___sp                                                                        stack        000000
__accesstop                                                                  (abs)        000080
__activetblptr                                                               (abs)        000000
__cntErrataNOP_C:\Users\KRL\AppData\Local\Temp\s7jo.obj                      (abs)        000001
__cntErrataNOP_dist/default/production\RIMS_4_BYTE_RECIEVER.X.production.obj (abs)        00000C
__end_of_Init_Serial                                                         text2        000148
__end_of_Init_interrupts                                                     text1        000156
__end_of__initialization                                                     cinit        000118
__end_of_isr                                                                 intcode      0000B6
__end_of_main                                                                text0        00010C
__end_of_receive                                                             text4        000134
__initialization                                                             cinit        00010C
__mediumconst                                                                mediumconst  000000
__pbssCOMRAM                                                                 bssCOMRAM    00000F
__pcinit                                                                     cinit        00010C
__pcstackCOMRAM                                                              cstackCOMRAM 000001
__pintcode                                                                   intcode      000008
__ptext0                                                                     text0        0000BA
__ptext1                                                                     text1        000148
__ptext2                                                                     text2        000136
__ptext4                                                                     text4        000122
__ramtop                                                                     ramtop       000600
__size_of_Init_Serial                                                        (abs)        000000
__size_of_Init_interrupts                                                    (abs)        000000
__size_of_isr                                                                (abs)        000000
__size_of_main                                                               (abs)        000000
__size_of_receive                                                            (abs)        000000
__smallconst                                                                 smallconst   000000
_data                                                                        bssCOMRAM    000015
_go                                                                          bssCOMRAM    000016
_i                                                                           bssCOMRAM    000013
_isr                                                                         intcode      000008
_main                                                                        text0        0000BA
_rec_dat                                                                     bssCOMRAM    00000F
_receive                                                                     text4        000122
_recv_Dat                                                                    bssCOMRAM    000017
btemp                                                                        temp         000018
end_of_initialization                                                        cinit        000118
int$flags                                                                    temp         000018
intlevel0                                                                    text         000156
intlevel1                                                                    text         000156
intlevel2                                                                    text         000156
intlevel3                                                                    text         000156
stackhi                                                                      (abs)        0005FF
stacklo                                                                      (abs)        000080
start                                                                        init         0000B6
start_initialization                                                         cinit        00010C


FUNCTION INFORMATION:

 *************** function _main *****************
 Defined at:
		line 122 in file "RIMS_4_BYTE_RECIEVER.c"
 Parameters:    Size  Location     Type
		None
 Auto vars:     Size  Location     Type
		None
 Return value:  Size  Location     Type
                  1    wreg      void 
 Registers used:
		wreg, status,2, status,0, cstack
 Tracked objects:
		On entry : 
		On exit  : 
		Unchanged: 
 Data sizes:     COMRAM   BANK0   BANK1   BANK2   BANK3   BANK4   BANK5
      Params:         0       0       0       0       0       0       0
      Locals:         0       0       0       0       0       0       0
      Temps:          0       0       0       0       0       0       0
      Totals:         0       0       0       0       0       0       0
Total ram usage:        0 bytes
 Hardware stack levels required when called:    3
 This function calls:
		_Init_Serial
		_Init_interrupts
 This function is called by:
		Startup code after reset
 This function uses a non-reentrant model


 *************** function _Init_interrupts *****************
 Defined at:
		line 97 in file "RIMS_4_BYTE_RECIEVER.c"
 Parameters:    Size  Location     Type
		None
 Auto vars:     Size  Location     Type
		None
 Return value:  Size  Location     Type
                  1    wreg      void 
 Registers used:
		None
 Tracked objects:
		On entry : 
		On exit  : 
		Unchanged: 
 Data sizes:     COMRAM   BANK0   BANK1   BANK2   BANK3   BANK4   BANK5
      Params:         0       0       0       0       0       0       0
      Locals:         0       0       0       0       0       0       0
      Temps:          0       0       0       0       0       0       0
      Totals:         0       0       0       0       0       0       0
Total ram usage:        0 bytes
 Hardware stack levels used:    1
 Hardware stack levels required when called:    2
 This function calls:
		Nothing
 This function is called by:
		_main
 This function uses a non-reentrant model


 *************** function _Init_Serial *****************
 Defined at:
		line 88 in file "RIMS_4_BYTE_RECIEVER.c"
 Parameters:    Size  Location     Type
		None
 Auto vars:     Size  Location     Type
		None
 Return value:  Size  Location     Type
                  1    wreg      void 
 Registers used:
		wreg, status,2
 Tracked objects:
		On entry : 
		On exit  : 
		Unchanged: 
 Data sizes:     COMRAM   BANK0   BANK1   BANK2   BANK3   BANK4   BANK5
      Params:         0       0       0       0       0       0       0
      Locals:         0       0       0       0       0       0       0
      Temps:          0       0       0       0       0       0       0
      Totals:         0       0       0       0       0       0       0
Total ram usage:        0 bytes
 Hardware stack levels used:    1
 Hardware stack levels required when called:    2
 This function calls:
		Nothing
 This function is called by:
		_main
 This function uses a non-reentrant model


 *************** function _isr *****************
 Defined at:
		line 71 in file "RIMS_4_BYTE_RECIEVER.c"
 Parameters:    Size  Location     Type
		None
 Auto vars:     Size  Location     Type
		None
 Return value:  Size  Location     Type
                  1    wreg      void 
 Registers used:
		wreg, fsr2l, fsr2h, status,2, status,0, prodl, prodh, cstack
 Tracked objects:
		On entry : 
		On exit  : 
		Unchanged: 
 Data sizes:     COMRAM   BANK0   BANK1   BANK2   BANK3   BANK4   BANK5
      Params:         0       0       0       0       0       0       0
      Locals:         0       0       0       0       0       0       0
      Temps:         14       0       0       0       0       0       0
      Totals:        14       0       0       0       0       0       0
Total ram usage:       14 bytes
 Hardware stack levels used:    1
 Hardware stack levels required when called:    1
 This function calls:
		_receive
 This function is called by:
		Interrupt level 2
 This function uses a non-reentrant model


 *************** function _receive *****************
 Defined at:
		line 112 in file "RIMS_4_BYTE_RECIEVER.c"
 Parameters:    Size  Location     Type
		None
 Auto vars:     Size  Location     Type
		None
 Return value:  Size  Location     Type
                  1    wreg      unsigned char 
 Registers used:
		wreg, status,2
 Tracked objects:
		On entry : 
		On exit  : 
		Unchanged: 
 Data sizes:     COMRAM   BANK0   BANK1   BANK2   BANK3   BANK4   BANK5
      Params:         0       0       0       0       0       0       0
      Locals:         0       0       0       0       0       0       0
      Temps:          0       0       0       0       0       0       0
      Totals:         0       0       0       0       0       0       0
Total ram usage:        0 bytes
 Hardware stack levels used:    1
 This function calls:
		Nothing
 This function is called by:
		_isr
 This function uses a non-reentrant model



MODULE INFORMATION

Module		Function		Class		Link	Load	Size
shared
		__initialization		CODE           	010C	0000	13

shared estimated size: 13

RIMS_4_BYTE_RECIEVER.c
		_Init_Serial   		CODE           	0136	0000	19
		_main          		CODE           	00BA	0000	83
		_Init_interrupts		CODE           	0148	0000	15
		_receive       		CODE           	0122	0000	19
		_isr           		CODE           	0008	0000	175

RIMS_4_BYTE_RECIEVER.c estimated size: 311

