Microchip MPLAB XC8 Compiler V1.38 ()

Linker command line:

-W-3 --edf=C:\Program Files\Microchip\xc8\v1.38\dat\en_msgs.txt -cs \
  -h+dist/default/production\RIMS_4BYTE.X.production.sym \
  --cmf=dist/default/production\RIMS_4BYTE.X.production.cmf -z -Q18F452 \
  -oC:\Users\KRL\AppData\Local\Temp\stc.2 \
  -Mdist/default/production/RIMS_4BYTE.X.production.map -E1 -ver=XC8 \
  -ASTACK=080h-05ffh -pstack=STACK -ACODE=00h-03FFFhx2 -ACONST=00h-07FFFh \
  -ASMALLCONST=0600h-06FFhx122 -AMEDIUMCONST=0600h-07FFFh -ACOMRAM=01h-07Fh \
  -AABS1=00h-05FFh -ABIGRAM=01h-05FFh -ARAM=080h-0FFh,0100h-01FFhx5 \
  -ABANK0=080h-0FFh -ABANK1=0100h-01FFh -ABANK2=0200h-02FFh \
  -ABANK3=0300h-03FFh -ABANK4=0400h-04FFh -ABANK5=0500h-05FFh \
  -ASFR=0F80h-0FFFh \
  -preset_vec=00h,intcode=08h,intcodelo,powerup,init,end_init \
  -pramtop=0600h -psmallconst=SMALLCONST -pmediumconst=MEDIUMCONST \
  -pconst=CONST -AFARRAM=00h-00h -ACONFIG=0300000h-030000Dh -pconfig=CONFIG \
  -AIDLOC=0200000h-0200007h -pidloc=IDLOC -AEEDATA=0F00000h-0F000FFh \
  -peeprom_data=EEDATA \
  -prdata=COMRAM,nvrram=COMRAM,nvbit=COMRAM,rbss=COMRAM,rbit=COMRAM \
  -pfarbss=FARRAM,fardata=FARRAM,nvFARRAM=FARRAM \
  -pintsave_regs=BIGRAM,bigbss=BIGRAM,bigdata=BIGRAM -pbss=RAM \
  -pidata=CODE,irdata=CODE,ibigdata=CODE,ifardata=CODE -prparam=COMRAM \
  C:\Users\KRL\AppData\Local\Temp\stc.obj \
  dist/default/production\RIMS_4BYTE.X.production.obj 

Object code version is 3.11

Machine type is 18F452

Call graph: (short form)




                Name                               Link     Load   Length Selector   Space Scale
C:\Users\KRL\AppData\Local\Temp\stc.obj
                end_init                           1806     1806        4        4       0
                text                               1902     1902        2        4       0
                reset_vec                             0        0        6        0       0
                idloc                            200000   200000        8   200000       0
                config                           300000   300000        E   300000       0
dist/default/production\RIMS_4BYTE.X.production.obj
                intcode                               8        8     17FE        4       0
                temp                                 67       67        1        1       1
                text4                              18DC     18DC       14        4       0
                text2                              18F0     18F0       12        4       0
                text1                              189C     189C       2A        4       0
                text0                              180A     180A       92        4       0
                cstackCOMRAM                         55       55       12        1       1
                bssCOMRAM                             1        1       54        1       1
                cinit                              18C6     18C6       16        4       0

TOTAL           Name                               Link     Load   Length     Space
        CLASS   STACK          

        CLASS   CODE           
                end_init                           1806     1806        4         0
                text                               1902     1902        2         0
                intcode                               8        8     17FE         0
                reset_vec                             0        0        6         0
                text4                              18DC     18DC       14         0
                text2                              18F0     18F0       12         0
                text1                              189C     189C       2A         0
                text0                              180A     180A       92         0
                cinit                              18C6     18C6       16         0

        CLASS   CONST          

        CLASS   SMALLCONST     

        CLASS   MEDIUMCONST    

        CLASS   COMRAM         
                temp                                 67       67        1         1
                cstackCOMRAM                         55       55       12         1
                bssCOMRAM                             1        1       54         1

        CLASS   ABS1           

        CLASS   BIGRAM         

        CLASS   RAM            

        CLASS   BANK0          

        CLASS   BANK1          

        CLASS   BANK2          

        CLASS   BANK3          

        CLASS   BANK4          

        CLASS   BANK5          

        CLASS   SFR            

        CLASS   FARRAM         

        CLASS   CONFIG         
                config                           300000   300000        E         0

        CLASS   IDLOC          
                idloc                            200000   200000        8         0

        CLASS   EEDATA         



SEGMENTS        Name                           Load    Length   Top    Selector   Space  Class

                reset_vec                      000000  000006  000006         0       0  CODE    
                bssCOMRAM                      000001  000067  000068         1       1  COMRAM  
                intcode                        000008  0018FC  001904         4       0  CODE    
                idloc                          200000  000008  200008    200000       0  IDLOC   
                config                         300000  00000E  30000E    300000       0  CONFIG  


UNUSED ADDRESS RANGES

        Name                Unused          Largest block    Delta
        BANK0            000080-0000FF               80
        BANK1            000100-0001FF              100
        BANK2            000200-0002FF              100
        BANK3            000300-0003FF              100
        BANK4            000400-0004FF              100
        BANK5            000500-0005FF              100
        BIGRAM           000068-0005FF              598
        CODE             000006-000007                2
                         001904-007FFF             26FC
        COMRAM           000068-00007F               18
        CONST            000006-000007                2
                         001904-007FFF             66FC
        EEDATA           F00000-F000FF              100
        MEDIUMCONST      001904-007FFF             66FC
        RAM              000080-0005FF              100
        SFR              000F80-000FFF               80
        SMALLCONST       001904-007FFF              100
        STACK            000080-0005FF              580

                                  Symbol Table

Transmit@Dat                                                       cstackCOMRAM 000055
_ADCON1                                                            (abs)        000FC1
_COUNT                                                             bssCOMRAM    00004F
_GIE                                                               (abs)        007F97
_INT0IE                                                            (abs)        007F94
_INT0IF                                                            (abs)        007F91
_INT1IE                                                            (abs)        007F83
_INT1IF                                                            (abs)        007F80
_INTEDG0                                                           (abs)        007F8E
_INTEDG1                                                           (abs)        007F8D
_Init_Serial                                                       text2        0018F0
_PEIE                                                              (abs)        007F96
_PORTA                                                             (abs)        000F80
_PORTB                                                             (abs)        000F81
_PORTBbits                                                         (abs)        000F81
_PORTD                                                             (abs)        000F83
_PORTDbits                                                         (abs)        000F83
_PORTEbits                                                         (abs)        000F84
_RCSTAbits                                                         (abs)        000FAB
_SPBRG                                                             (abs)        000FAF
_T0CON                                                             (abs)        000FD5
_T1CON                                                             (abs)        000FCD
_TMR0H                                                             (abs)        000FD7
_TMR0IE                                                            (abs)        007F95
_TMR0IF                                                            (abs)        007F92
_TMR0L                                                             (abs)        000FD6
_TMR0ON                                                            (abs)        007EAF
_TMR1H                                                             (abs)        000FCF
_TMR1IE                                                            (abs)        007CE8
_TMR1IF                                                            (abs)        007CF0
_TMR1L                                                             (abs)        000FCE
_TMR1ON                                                            (abs)        007E68
_TRISA                                                             (abs)        000F92
_TRISBbits                                                         (abs)        000F93
_TRISD                                                             (abs)        000F95
_TXIE                                                              (abs)        007CEC
_TXIF                                                              (abs)        007CF4
_TXREG                                                             (abs)        000FAD
_TXSTA                                                             (abs)        000FAC
_TXSTAbits                                                         (abs)        000FAC
_Transmit                                                          text4        0018DC
_VAL                                                               bssCOMRAM    000021
_VAL1                                                              bssCOMRAM    000023
__CFG_BOR$ON                                                       (abs)        000000
__CFG_BORV$20                                                      (abs)        000000
__CFG_CCP2MUX$ON                                                   (abs)        000000
__CFG_CP0$OFF                                                      (abs)        000000
__CFG_CP1$OFF                                                      (abs)        000000
__CFG_CP2$OFF                                                      (abs)        000000
__CFG_CP3$OFF                                                      (abs)        000000
__CFG_CPB$OFF                                                      (abs)        000000
__CFG_CPD$OFF                                                      (abs)        000000
__CFG_EBTR0$OFF                                                    (abs)        000000
__CFG_EBTR1$OFF                                                    (abs)        000000
__CFG_EBTR2$OFF                                                    (abs)        000000
__CFG_EBTR3$OFF                                                    (abs)        000000
__CFG_EBTRB$OFF                                                    (abs)        000000
__CFG_LVP$ON                                                       (abs)        000000
__CFG_OSC$HS                                                       (abs)        000000
__CFG_OSCS$OFF                                                     (abs)        000000
__CFG_PWRT$OFF                                                     (abs)        000000
__CFG_STVR$ON                                                      (abs)        000000
__CFG_WDT$OFF                                                      (abs)        000000
__CFG_WDTPS$128                                                    (abs)        000000
__CFG_WRT0$OFF                                                     (abs)        000000
__CFG_WRT1$OFF                                                     (abs)        000000
__CFG_WRT2$OFF                                                     (abs)        000000
__CFG_WRT3$OFF                                                     (abs)        000000
__CFG_WRTB$OFF                                                     (abs)        000000
__CFG_WRTC$OFF                                                     (abs)        000000
__CFG_WRTD$OFF                                                     (abs)        000000
__HRAM                                                             (abs)        000000
__Habs1                                                            abs1         000000
__Hbank0                                                           bank0        000000
__Hbank1                                                           bank1        000000
__Hbank2                                                           bank2        000000
__Hbank3                                                           bank3        000000
__Hbank4                                                           bank4        000000
__Hbank5                                                           bank5        000000
__Hbigbss                                                          bigbss       000000
__Hbigdata                                                         bigdata      000000
__Hbigram                                                          bigram       000000
__Hbss                                                             bss          000000
__HbssCOMRAM                                                       bssCOMRAM    000000
__Hcinit                                                           cinit        000000
__Hclrtext                                                         clrtext      000000
__Hcomram                                                          comram       000000
__Hconfig                                                          config       30000E
__Hconst                                                           const        000000
__HcstackCOMRAM                                                    cstackCOMRAM 000000
__Hdata                                                            data         000000
__Heeprom_data                                                     eeprom_data  000000
__Hend_init                                                        end_init     00180A
__Hfarbss                                                          farbss       000000
__Hfardata                                                         fardata      000000
__Hibigdata                                                        ibigdata     000000
__Hidata                                                           idata        000000
__Hidloc                                                           idloc        200008
__Hifardata                                                        ifardata     000000
__Hinit                                                            init         001806
__Hintcode                                                         intcode      001806
__Hintcode_body                                                    intcode_body 000000
__Hintcodelo                                                       intcodelo    001806
__Hintentry                                                        intentry     000000
__Hintret                                                          intret       000000
__Hintsave_regs                                                    intsave_regs 000000
__Hirdata                                                          irdata       000000
__Hmediumconst                                                     mediumconst  000000
__HnvFARRAM                                                        nvFARRAM     000000
__Hnvbit                                                           nvbit        000000
__Hnvrram                                                          nvrram       000000
__Hparam                                                           rparam       000000
__Hpowerup                                                         powerup      001806
__Hram                                                             ram          000000
__Hramtop                                                          ramtop       000600
__Hrbit                                                            rbit         000000
__Hrbss                                                            rbss         000000
__Hrdata                                                           rdata        000000
__Hreset_vec                                                       reset_vec    000006
__Hrparam                                                          rparam       000000
__Hsfr                                                             sfr          000000
__Hsmallconst                                                      smallconst   000000
__Hspace_0                                                         (abs)        30000E
__Hspace_1                                                         (abs)        000068
__Hspace_2                                                         (abs)        000000
__Hstack                                                           stack        000000
__Hstruct                                                          struct       000000
__Htemp                                                            temp         000068
__Htext                                                            text         000000
__Htext0                                                           text0        000000
__Htext1                                                           text1        000000
__Htext2                                                           text2        000000
__Htext4                                                           text4        000000
__LRAM                                                             (abs)        000001
__Labs1                                                            abs1         000000
__Lbank0                                                           bank0        000000
__Lbank1                                                           bank1        000000
__Lbank2                                                           bank2        000000
__Lbank3                                                           bank3        000000
__Lbank4                                                           bank4        000000
__Lbank5                                                           bank5        000000
__Lbigbss                                                          bigbss       000000
__Lbigdata                                                         bigdata      000000
__Lbigram                                                          bigram       000000
__Lbss                                                             bss          000000
__LbssCOMRAM                                                       bssCOMRAM    000000
__Lcinit                                                           cinit        000000
__Lclrtext                                                         clrtext      000000
__Lcomram                                                          comram       000000
__Lconfig                                                          config       300000
__Lconst                                                           const        000000
__LcstackCOMRAM                                                    cstackCOMRAM 000000
__Ldata                                                            data         000000
__Leeprom_data                                                     eeprom_data  000000
__Lend_init                                                        end_init     001806
__Lfarbss                                                          farbss       000000
__Lfardata                                                         fardata      000000
__Libigdata                                                        ibigdata     000000
__Lidata                                                           idata        000000
__Lidloc                                                           idloc        200000
__Lifardata                                                        ifardata     000000
__Linit                                                            init         001806
__Lintcode                                                         intcode      000008
__Lintcode_body                                                    intcode_body 000000
__Lintcodelo                                                       intcodelo    001806
__Lintentry                                                        intentry     000000
__Lintret                                                          intret       000000
__Lintsave_regs                                                    intsave_regs 000000
__Lirdata                                                          irdata       000000
__Lmediumconst                                                     mediumconst  000000
__LnvFARRAM                                                        nvFARRAM     000000
__Lnvbit                                                           nvbit        000000
__Lnvrram                                                          nvrram       000000
__Lparam                                                           rparam       000000
__Lpowerup                                                         powerup      001806
__Lram                                                             ram          000000
__Lramtop                                                          ramtop       000600
__Lrbit                                                            rbit         000000
__Lrbss                                                            rbss         000000
__Lrdata                                                           rdata        000000
__Lreset_vec                                                       reset_vec    000000
__Lrparam                                                          rparam       000000
__Lsfr                                                             sfr          000000
__Lsmallconst                                                      smallconst   000000
__Lspace_0                                                         (abs)        000000
__Lspace_1                                                         (abs)        000000
__Lspace_2                                                         (abs)        000000
__Lstack                                                           stack        000000
__Lstruct                                                          struct       000000
__Ltemp                                                            temp         000067
__Ltext                                                            text         000000
__Ltext0                                                           text0        000000
__Ltext1                                                           text1        000000
__Ltext2                                                           text2        000000
__Ltext4                                                           text4        000000
__S0                                                               (abs)        30000E
__S1                                                               (abs)        000068
__S2                                                               (abs)        000000
___inthi_sp                                                        stack        000000
___intlo_sp                                                        stack        000000
___param_bank                                                      (abs)        000010
___rparam_used                                                     (abs)        000001
___sp                                                              stack        000000
__accesstop                                                        (abs)        000080
__activetblptr                                                     (abs)        000000
__cntErrataNOP_C:\Users\KRL\AppData\Local\Temp\stc.obj             (abs)        000001
__cntErrataNOP_dist/default/production\RIMS_4BYTE.X.production.obj (abs)        0000A8
__end_of_Init_Serial                                               text2        001902
__end_of_Transmit                                                  text4        0018EE
__end_of__initialization                                           cinit        0018D2
__end_of_delay                                                     text1        0018C6
__end_of_isr                                                       intcode      001806
__end_of_main                                                      text0        00189C
__initialization                                                   cinit        0018C6
__mediumconst                                                      mediumconst  000000
__pbssCOMRAM                                                       bssCOMRAM    000001
__pcinit                                                           cinit        0018C6
__pcstackCOMRAM                                                    cstackCOMRAM 000055
__pintcode                                                         intcode      000008
__ptext0                                                           text0        00180A
__ptext1                                                           text1        00189C
__ptext2                                                           text2        0018F0
__ptext4                                                           text4        0018DC
__ramtop                                                           ramtop       000600
__size_of_Init_Serial                                              (abs)        000000
__size_of_Transmit                                                 (abs)        000000
__size_of_delay                                                    (abs)        000000
__size_of_isr                                                      (abs)        000000
__size_of_main                                                     (abs)        000000
__smallconst                                                       smallconst   000000
_b                                                                 bssCOMRAM    000025
_ch1                                                               bssCOMRAM    000027
_ch10                                                              bssCOMRAM    000029
_ch11                                                              bssCOMRAM    00002B
_ch12                                                              bssCOMRAM    00002D
_ch13                                                              bssCOMRAM    00002F
_ch14                                                              bssCOMRAM    000031
_ch15                                                              bssCOMRAM    000033
_ch16                                                              bssCOMRAM    000035
_ch2                                                               bssCOMRAM    000037
_ch3                                                               bssCOMRAM    000039
_ch4                                                               bssCOMRAM    00003B
_ch5                                                               bssCOMRAM    00003D
_ch6                                                               bssCOMRAM    00003F
_ch7                                                               bssCOMRAM    000041
_ch8                                                               bssCOMRAM    000043
_ch9                                                               bssCOMRAM    000045
_dat                                                               bssCOMRAM    000047
_dat1                                                              bssCOMRAM    000051
_dat2                                                              bssCOMRAM    000049
_dat3                                                              bssCOMRAM    000053
_data                                                              bssCOMRAM    000001
_delay                                                             text1        00189C
_i                                                                 bssCOMRAM    00004B
_isr                                                               intcode      000008
_j                                                                 bssCOMRAM    00004D
_main                                                              text0        00180A
btemp                                                              temp         000067
end_of_initialization                                              cinit        0018D2
int$flags                                                          temp         000067
intlevel0                                                          text         001902
intlevel1                                                          text         001902
intlevel2                                                          text         001902
intlevel3                                                          text         001902
stackhi                                                            (abs)        0005FF
stacklo                                                            (abs)        000080
start                                                              init         001806
start_initialization                                               cinit        0018C6


FUNCTION INFORMATION:

 *************** function _main *****************
 Defined at:
		line 1155 in file "30_channel_RIMS_4byte.c"
 Parameters:    Size  Location     Type
		None
 Auto vars:     Size  Location     Type
		None
 Return value:  Size  Location     Type
                  1    wreg      void 
 Registers used:
		wreg, status,2, status,0, cstack
 Tracked objects:
		On entry : 
		On exit  : 
		Unchanged: 
 Data sizes:     COMRAM   BANK0   BANK1   BANK2   BANK3   BANK4   BANK5
      Params:         0       0       0       0       0       0       0
      Locals:         0       0       0       0       0       0       0
      Temps:          0       0       0       0       0       0       0
      Totals:         0       0       0       0       0       0       0
Total ram usage:        0 bytes
 Hardware stack levels required when called:    3
 This function calls:
		_Init_Serial
		_delay
 This function is called by:
		Startup code after reset
 This function uses a non-reentrant model


 *************** function _delay *****************
 Defined at:
		line 83 in file "30_channel_RIMS_4byte.c"
 Parameters:    Size  Location     Type
		None
 Auto vars:     Size  Location     Type
		None
 Return value:  Size  Location     Type
                  1    wreg      void 
 Registers used:
		wreg, status,2, status,0
 Tracked objects:
		On entry : 
		On exit  : 
		Unchanged: 
 Data sizes:     COMRAM   BANK0   BANK1   BANK2   BANK3   BANK4   BANK5
      Params:         0       0       0       0       0       0       0
      Locals:         0       0       0       0       0       0       0
      Temps:          0       0       0       0       0       0       0
      Totals:         0       0       0       0       0       0       0
Total ram usage:        0 bytes
 Hardware stack levels used:    1
 Hardware stack levels required when called:    2
 This function calls:
		Nothing
 This function is called by:
		_main
 This function uses a non-reentrant model


 *************** function _Init_Serial *****************
 Defined at:
		line 1138 in file "30_channel_RIMS_4byte.c"
 Parameters:    Size  Location     Type
		None
 Auto vars:     Size  Location     Type
		None
 Return value:  Size  Location     Type
                  1    wreg      void 
 Registers used:
		wreg, status,2
 Tracked objects:
		On entry : 
		On exit  : 
		Unchanged: 
 Data sizes:     COMRAM   BANK0   BANK1   BANK2   BANK3   BANK4   BANK5
      Params:         0       0       0       0       0       0       0
      Locals:         0       0       0       0       0       0       0
      Temps:          0       0       0       0       0       0       0
      Totals:         0       0       0       0       0       0       0
Total ram usage:        0 bytes
 Hardware stack levels used:    1
 Hardware stack levels required when called:    2
 This function calls:
		Nothing
 This function is called by:
		_main
 This function uses a non-reentrant model


 *************** function _isr *****************
 Defined at:
		line 89 in file "30_channel_RIMS_4byte.c"
 Parameters:    Size  Location     Type
		None
 Auto vars:     Size  Location     Type
		None
 Return value:  Size  Location     Type
                  1    wreg      void 
 Registers used:
		wreg, status,2, status,0, cstack
 Tracked objects:
		On entry : 
		On exit  : 
		Unchanged: 
 Data sizes:     COMRAM   BANK0   BANK1   BANK2   BANK3   BANK4   BANK5
      Params:         0       0       0       0       0       0       0
      Locals:         0       0       0       0       0       0       0
      Temps:         17       0       0       0       0       0       0
      Totals:        17       0       0       0       0       0       0
Total ram usage:       17 bytes
 Hardware stack levels used:    1
 Hardware stack levels required when called:    1
 This function calls:
		_Transmit
 This function is called by:
		Interrupt level 2
 This function uses a non-reentrant model


 *************** function _Transmit *****************
 Defined at:
		line 1148 in file "30_channel_RIMS_4byte.c"
 Parameters:    Size  Location     Type
  Dat             1    wreg     unsigned char 
 Auto vars:     Size  Location     Type
  Dat             1    0[COMRAM] unsigned char 
 Return value:  Size  Location     Type
                  1    wreg      void 
 Registers used:
		wreg
 Tracked objects:
		On entry : 
		On exit  : 
		Unchanged: 
 Data sizes:     COMRAM   BANK0   BANK1   BANK2   BANK3   BANK4   BANK5
      Params:         0       0       0       0       0       0       0
      Locals:         1       0       0       0       0       0       0
      Temps:          0       0       0       0       0       0       0
      Totals:         1       0       0       0       0       0       0
Total ram usage:        1 bytes
 Hardware stack levels used:    1
 This function calls:
		Nothing
 This function is called by:
		_isr
 This function uses a non-reentrant model



MODULE INFORMATION

Module		Function		Class		Link	Load	Size
shared
		__initialization		CODE           	18C6	0000	13

shared estimated size: 13

30_channel_RIMS_4byte.c
		_delay         		CODE           	189C	0000	43
		_Init_Serial   		CODE           	18F0	0000	19
		_main          		CODE           	180A	0000	147
		_Transmit      		CODE           	18DC	0000	19
		_isr           		CODE           	0008	0000	6143

30_channel_RIMS_4byte.c estimated size: 6371

